[INFO] Scanning for projects...
[INFO] 
[INFO] ----------------------< com.padel:padelmultiple >-----------------------
[INFO] Building padelmultiple 0.0.1-SNAPSHOT
[INFO]   from pom.xml
[INFO] --------------------------------[ jar ]---------------------------------
[INFO] 
[INFO] >>> spring-boot:3.5.0:run (default-cli) > test-compile @ padelmultiple >>>
[INFO] 
[INFO] --- resources:3.3.1:resources (default-resources) @ padelmultiple ---
[INFO] Copying 1 resource from src\main\resources to target\classes
[INFO] Copying 0 resource from src\main\resources to target\classes
[INFO] 
[INFO] --- compiler:3.13.0:compile (default-compile) @ padelmultiple ---
[INFO] Nothing to compile - all classes are up to date.
[INFO] 
[INFO] --- resources:3.3.1:testResources (default-testResources) @ padelmultiple ---
[INFO] skip non existing resourceDirectory C:\Users\user\Desktop\padellAou\src\test\resources
[INFO] 
[INFO] --- compiler:3.13.0:testCompile (default-testCompile) @ padelmultiple ---
[INFO] Nothing to compile - all classes are up to date.
[INFO] 
[INFO] <<< spring-boot:3.5.0:run (default-cli) < test-compile @ padelmultiple <<<
[INFO] 
[INFO] 
[INFO] --- spring-boot:3.5.0:run (default-cli) @ padelmultiple ---
[INFO] Attaching agents: []

  .   ____          _            __ _ _
 /\\ / ___'_ __ _ _(_)_ __  __ _ \ \ \ \
( ( )\___ | '_ | '_| | '_ \/ _` | \ \ \ \
 \\/  ___)| |_)| | | | | || (_| |  ) ) ) )
  '  |____| .__|_| |_|_| |_\__, | / / / /
 =========|_|==============|___/=/_/_/_/

 :: Spring Boot ::                (v3.5.0)

2026-08-26T18:44:22.251+02:00  INFO 19412 --- [  restartedMain] com.padell.padell.PadellApplication      : Starting PadellApplication using Java 21.0.9 with PID 19412 (C:\Users\user\Desktop\padellAou\target\classes started by user in C:\Users\user\Desktop\padellAou)
2026-08-26T18:44:22.257+02:00  INFO 19412 --- [  restartedMain] com.padell.padell.PadellApplication      : No active profile set, falling back to 1 default profile: "default"
2026-08-26T18:44:22.364+02:00  INFO 19412 --- [  restartedMain] .e.DevToolsPropertyDefaultsPostProcessor : Devtools property defaults active! Set 'spring.devtools.add-properties' to 'false' to disable
2026-08-26T18:44:22.365+02:00  INFO 19412 --- [  restartedMain] .e.DevToolsPropertyDefaultsPostProcessor : For additional web related logging consider setting the 'logging.level.web' property to 'DEBUG'
2026-08-26T18:44:24.814+02:00  INFO 19412 --- [  restartedMain] .s.d.r.c.RepositoryConfigurationDelegate : Bootstrapping Spring Data JPA repositories in DEFAULT mode.
2026-08-26T18:44:25.000+02:00  INFO 19412 --- [  restartedMain] .s.d.r.c.RepositoryConfigurationDelegate : Finished Spring Data repository scanning in 168 ms. Found 9 JPA repository interfaces.
2026-08-26T18:44:26.371+02:00  INFO 19412 --- [  restartedMain] o.s.b.w.embedded.tomcat.TomcatWebServer  : Tomcat initialized with port 8083 (http)
2026-08-26T18:44:26.405+02:00  INFO 19412 --- [  restartedMain] o.apache.catalina.core.StandardService   : Starting service [Tomcat]
2026-08-26T18:44:26.406+02:00  INFO 19412 --- [  restartedMain] o.apache.catalina.core.StandardEngine    : Starting Servlet engine: [Apache Tomcat/10.1.41]
2026-08-26T18:44:26.512+02:00  INFO 19412 --- [  restartedMain] o.a.c.c.C.[Tomcat].[localhost].[/]       : Initializing Spring embedded WebApplicationContext
2026-08-26T18:44:26.514+02:00  INFO 19412 --- [  restartedMain] w.s.c.ServletWebServerApplicationContext : Root WebApplicationContext: initialization completed in 4147 ms
2026-08-26T18:44:26.901+02:00  INFO 19412 --- [  restartedMain] o.hibernate.jpa.internal.util.LogHelper  : HHH000204: Processing PersistenceUnitInfo [name: default]
2026-08-26T18:44:26.990+02:00  INFO 19412 --- [  restartedMain] org.hibernate.Version                    : HHH000412: Hibernate ORM core version 6.6.15.Final
2026-08-26T18:44:27.048+02:00  INFO 19412 --- [  restartedMain] o.h.c.internal.RegionFactoryInitiator    : HHH000026: Second-level cache disabled
2026-08-26T18:44:27.707+02:00  INFO 19412 --- [  restartedMain] o.s.o.j.p.SpringPersistenceUnitInfo      : No LoadTimeWeaver setup: ignoring JPA class transformer
2026-08-26T18:44:27.780+02:00  INFO 19412 --- [  restartedMain] com.zaxxer.hikari.HikariDataSource       : HikariPool-1 - Starting...
2026-08-26T18:44:28.084+02:00  INFO 19412 --- [  restartedMain] com.zaxxer.hikari.pool.HikariPool        : HikariPool-1 - Added connection org.postgresql.jdbc.PgConnection@5b167c95
2026-08-26T18:44:28.088+02:00  INFO 19412 --- [  restartedMain] com.zaxxer.hikari.HikariDataSource       : HikariPool-1 - Start completed.
2026-08-26T18:44:28.218+02:00  INFO 19412 --- [  restartedMain] org.hibernate.orm.connections.pooling    : HHH10001005: Database info:
	Database JDBC URL [Connecting through datasource 'HikariDataSource (HikariPool-1)']
	Database driver: undefined/unknown
	Database version: 15.19
	Autocommit mode: undefined/unknown
	Isolation level: undefined/unknown
	Minimum pool size: undefined/unknown
	Maximum pool size: undefined/unknown
2026-08-26T18:44:30.853+02:00  INFO 19412 --- [  restartedMain] o.h.e.t.j.p.i.JtaPlatformInitiator       : HHH000489: No JTA platform available (set 'hibernate.transaction.jta.platform' to enable JTA platform integration)
2026-08-26T18:44:32.299+02:00  INFO 19412 --- [  restartedMain] j.LocalContainerEntityManagerFactoryBean : Initialized JPA EntityManagerFactory for persistence unit 'default'
2026-08-26T18:44:33.238+02:00  INFO 19412 --- [  restartedMain] o.s.d.j.r.query.QueryEnhancerFactory     : Hibernate is in classpath; If applicable, HQL parser will be used.
2026-08-26T18:44:36.630+02:00  WARN 19412 --- [  restartedMain] o.s.b.d.a.OptionalLiveReloadServer       : Unable to start LiveReload server
2026-08-26T18:44:36.705+02:00  INFO 19412 --- [  restartedMain] o.s.b.w.embedded.tomcat.TomcatWebServer  : Tomcat started on port 8083 (http) with context path '/'
2026-08-26T18:44:36.734+02:00  INFO 19412 --- [  restartedMain] com.padell.padell.PadellApplication      : Started PadellApplication in 15.43 seconds (process running for 16.461)
Hibernate: select m1_0.id,m1_0.created_at,m1_0.email,m1_0.matricule,m1_0.nom,m1_0.password_hash,m1_0.prenom,s1_0.id,s1_0.adresse,s1_0.annee_civile,s1_0.created_at,s1_0.duree_entre_match_minutes,s1_0.duree_match_minutes,s1_0.heure_fermeture,s1_0.heure_ouverture,s1_0.nom,s1_0.updated_at,m1_0.solde,m1_0.type_membre,m1_0.updated_at from membres m1_0 left join sites s1_0 on s1_0.id=m1_0.site_id
Hibernate: select count(*) from sites s1_0
Hibernate: select count(*) from matches m1_0
Hibernate: select m1_0.id,m1_0.created_at,m1_0.email,m1_0.matricule,m1_0.nom,m1_0.password_hash,m1_0.prenom,s1_0.id,s1_0.adresse,s1_0.annee_civile,s1_0.created_at,s1_0.duree_entre_match_minutes,s1_0.duree_match_minutes,s1_0.heure_fermeture,s1_0.heure_ouverture,s1_0.nom,s1_0.updated_at,m1_0.solde,m1_0.type_membre,m1_0.updated_at from membres m1_0 left join sites s1_0 on s1_0.id=m1_0.site_id where upper(m1_0.matricule)=upper(?)
Hibernate: select p1_0.id from penalites p1_0 left join membres m1_0 on m1_0.id=p1_0.membre_id where m1_0.id=? and p1_0.date_fin>? fetch first ? rows only
Hibernate: select m1_0.id,m1_0.created_at,m1_0.email,m1_0.matricule,m1_0.nom,m1_0.password_hash,m1_0.prenom,s1_0.id,s1_0.adresse,s1_0.annee_civile,s1_0.created_at,s1_0.duree_entre_match_minutes,s1_0.duree_match_minutes,s1_0.heure_fermeture,s1_0.heure_ouverture,s1_0.nom,s1_0.updated_at,m1_0.solde,m1_0.type_membre,m1_0.updated_at from membres m1_0 left join sites s1_0 on s1_0.id=m1_0.site_id where upper(m1_0.matricule)=upper(?)
Hibernate: select m1_0.id,m1_0.created_at,m1_0.email,mo1_0.organisateur_id,mo1_0.id,mo1_0.created_at,mo1_0.date_conversion_public,mo1_0.date_debut,mo1_0.date_fin,mo1_0.nb_joueurs_actuels,mo1_0.prix_par_joueur,mo1_0.prix_total,mo1_0.statut,mo1_0.terrain_id,mo1_0.type_match,mo1_0.updated_at,m1_0.matricule,m1_0.nom,m1_0.password_hash,m1_0.prenom,m1_0.site_id,m1_0.solde,m1_0.type_membre,m1_0.updated_at from membres m1_0 left join matches mo1_0 on m1_0.id=mo1_0.organisateur_id where m1_0.id=?
Hibernate: select r1_0.match_id,r1_0.id,r1_0.created_at,r1_0.membre_id,p1_0.id,p1_0.created_at,p1_0.date_paiement,p1_0.montant,p1_0.reservation_id,p1_0.statut,p1_0.updated_at,r1_0.statut,r1_0.updated_at from reservations r1_0 left join paiements p1_0 on r1_0.id=p1_0.reservation_id where r1_0.match_id=?
Hibernate: select r1_0.membre_id,r1_0.id,r1_0.created_at,r1_0.match_id,p1_0.id,p1_0.created_at,p1_0.date_paiement,p1_0.montant,p1_0.reservation_id,p1_0.statut,p1_0.updated_at,r1_0.statut,r1_0.updated_at from reservations r1_0 left join paiements p1_0 on r1_0.id=p1_0.reservation_id where r1_0.membre_id=?
Hibernate: select p1_0.membre_id,p1_0.id,p1_0.created_at,p1_0.date_fin,p1_0.motif,p1_0.updated_at from penalites p1_0 where p1_0.membre_id=?
Hibernate: select r1_0.match_id,r1_0.id,r1_0.created_at,r1_0.membre_id,p1_0.id,p1_0.created_at,p1_0.date_paiement,p1_0.montant,p1_0.reservation_id,p1_0.statut,p1_0.updated_at,r1_0.statut,r1_0.updated_at from reservations r1_0 left join paiements p1_0 on r1_0.id=p1_0.reservation_id where r1_0.match_id=?
Hibernate: update membres set email=?,matricule=?,nom=?,password_hash=?,prenom=?,site_id=?,solde=?,type_membre=?,updated_at=? where id=?
Hibernate: select m1_0.id,m1_0.created_at,m1_0.email,m1_0.matricule,m1_0.nom,m1_0.password_hash,m1_0.prenom,s1_0.id,s1_0.adresse,s1_0.annee_civile,s1_0.created_at,s1_0.duree_entre_match_minutes,s1_0.duree_match_minutes,s1_0.heure_fermeture,s1_0.heure_ouverture,s1_0.nom,s1_0.updated_at,m1_0.solde,m1_0.type_membre,m1_0.updated_at from membres m1_0 left join sites s1_0 on s1_0.id=m1_0.site_id where upper(m1_0.matricule)=upper(?)
Hibernate: select m1_0.id,m1_0.created_at,m1_0.email,mo1_0.organisateur_id,mo1_0.id,mo1_0.created_at,mo1_0.date_conversion_public,mo1_0.date_debut,mo1_0.date_fin,mo1_0.nb_joueurs_actuels,mo1_0.prix_par_joueur,mo1_0.prix_total,mo1_0.statut,mo1_0.terrain_id,mo1_0.type_match,mo1_0.updated_at,m1_0.matricule,m1_0.nom,m1_0.password_hash,m1_0.prenom,m1_0.site_id,m1_0.solde,m1_0.type_membre,m1_0.updated_at from membres m1_0 left join matches mo1_0 on m1_0.id=mo1_0.organisateur_id where m1_0.id=?
Hibernate: select r1_0.membre_id,r1_0.id,r1_0.created_at,r1_0.match_id,p1_0.id,p1_0.created_at,p1_0.date_paiement,p1_0.montant,p1_0.reservation_id,p1_0.statut,p1_0.updated_at,r1_0.statut,r1_0.updated_at from reservations r1_0 left join paiements p1_0 on r1_0.id=p1_0.reservation_id where r1_0.membre_id=?
Hibernate: select p1_0.membre_id,p1_0.id,p1_0.created_at,p1_0.date_fin,p1_0.motif,p1_0.updated_at from penalites p1_0 where p1_0.membre_id=?
Hibernate: update membres set email=?,matricule=?,nom=?,password_hash=?,prenom=?,site_id=?,solde=?,type_membre=?,updated_at=? where id=?
Hibernate: select m1_0.id,m1_0.created_at,m1_0.email,m1_0.matricule,m1_0.nom,m1_0.password_hash,m1_0.prenom,s1_0.id,s1_0.adresse,s1_0.annee_civile,s1_0.created_at,s1_0.duree_entre_match_minutes,s1_0.duree_match_minutes,s1_0.heure_fermeture,s1_0.heure_ouverture,s1_0.nom,s1_0.updated_at,m1_0.solde,m1_0.type_membre,m1_0.updated_at from membres m1_0 left join sites s1_0 on s1_0.id=m1_0.site_id where upper(m1_0.matricule)=upper(?)
Hibernate: select m1_0.id,m1_0.created_at,m1_0.email,mo1_0.organisateur_id,mo1_0.id,mo1_0.created_at,mo1_0.date_conversion_public,mo1_0.date_debut,mo1_0.date_fin,mo1_0.nb_joueurs_actuels,mo1_0.prix_par_joueur,mo1_0.prix_total,mo1_0.statut,mo1_0.terrain_id,mo1_0.type_match,mo1_0.updated_at,m1_0.matricule,m1_0.nom,m1_0.password_hash,m1_0.prenom,m1_0.site_id,m1_0.solde,m1_0.type_membre,m1_0.updated_at from membres m1_0 left join matches mo1_0 on m1_0.id=mo1_0.organisateur_id where m1_0.id=?
Hibernate: select r1_0.membre_id,r1_0.id,r1_0.created_at,r1_0.match_id,p1_0.id,p1_0.created_at,p1_0.date_paiement,p1_0.montant,p1_0.reservation_id,p1_0.statut,p1_0.updated_at,r1_0.statut,r1_0.updated_at from reservations r1_0 left join paiements p1_0 on r1_0.id=p1_0.reservation_id where r1_0.membre_id=?
Hibernate: select p1_0.membre_id,p1_0.id,p1_0.created_at,p1_0.date_fin,p1_0.motif,p1_0.updated_at from penalites p1_0 where p1_0.membre_id=?
Hibernate: select r1_0.match_id,r1_0.id,r1_0.created_at,r1_0.membre_id,p1_0.id,p1_0.created_at,p1_0.date_paiement,p1_0.montant,p1_0.reservation_id,p1_0.statut,p1_0.updated_at,r1_0.statut,r1_0.updated_at from reservations r1_0 left join paiements p1_0 on r1_0.id=p1_0.reservation_id where r1_0.match_id=?
Hibernate: update membres set email=?,matricule=?,nom=?,password_hash=?,prenom=?,site_id=?,solde=?,type_membre=?,updated_at=? where id=?
Hibernate: select m1_0.id,m1_0.created_at,m1_0.email,m1_0.matricule,m1_0.nom,m1_0.password_hash,m1_0.prenom,s1_0.id,s1_0.adresse,s1_0.annee_civile,s1_0.created_at,s1_0.duree_entre_match_minutes,s1_0.duree_match_minutes,s1_0.heure_fermeture,s1_0.heure_ouverture,s1_0.nom,s1_0.updated_at,m1_0.solde,m1_0.type_membre,m1_0.updated_at from membres m1_0 left join sites s1_0 on s1_0.id=m1_0.site_id where upper(m1_0.matricule)=upper(?)
Hibernate: select m1_0.id,m1_0.created_at,m1_0.email,mo1_0.organisateur_id,mo1_0.id,mo1_0.created_at,mo1_0.date_conversion_public,mo1_0.date_debut,mo1_0.date_fin,mo1_0.nb_joueurs_actuels,mo1_0.prix_par_joueur,mo1_0.prix_total,mo1_0.statut,mo1_0.terrain_id,mo1_0.type_match,mo1_0.updated_at,m1_0.matricule,m1_0.nom,m1_0.password_hash,m1_0.prenom,m1_0.site_id,m1_0.solde,m1_0.type_membre,m1_0.updated_at from membres m1_0 left join matches mo1_0 on m1_0.id=mo1_0.organisateur_id where m1_0.id=?
Hibernate: select r1_0.membre_id,r1_0.id,r1_0.created_at,r1_0.match_id,p1_0.id,p1_0.created_at,p1_0.date_paiement,p1_0.montant,p1_0.reservation_id,p1_0.statut,p1_0.updated_at,r1_0.statut,r1_0.updated_at from reservations r1_0 left join paiements p1_0 on r1_0.id=p1_0.reservation_id where r1_0.membre_id=?
Hibernate: select p1_0.membre_id,p1_0.id,p1_0.created_at,p1_0.date_fin,p1_0.motif,p1_0.updated_at from penalites p1_0 where p1_0.membre_id=?
Hibernate: select r1_0.match_id,r1_0.id,r1_0.created_at,r1_0.membre_id,p1_0.id,p1_0.created_at,p1_0.date_paiement,p1_0.montant,p1_0.reservation_id,p1_0.statut,p1_0.updated_at,r1_0.statut,r1_0.updated_at from reservations r1_0 left join paiements p1_0 on r1_0.id=p1_0.reservation_id where r1_0.match_id=?
Hibernate: update membres set email=?,matricule=?,nom=?,password_hash=?,prenom=?,site_id=?,solde=?,type_membre=?,updated_at=? where id=?
Hibernate: select m1_0.id,m1_0.created_at,m1_0.email,m1_0.matricule,m1_0.nom,m1_0.password_hash,m1_0.prenom,s1_0.id,s1_0.adresse,s1_0.annee_civile,s1_0.created_at,s1_0.duree_entre_match_minutes,s1_0.duree_match_minutes,s1_0.heure_fermeture,s1_0.heure_ouverture,s1_0.nom,s1_0.updated_at,m1_0.solde,m1_0.type_membre,m1_0.updated_at from membres m1_0 left join sites s1_0 on s1_0.id=m1_0.site_id where upper(m1_0.matricule)=upper(?)
Hibernate: select m1_0.id,m1_0.created_at,m1_0.email,mo1_0.organisateur_id,mo1_0.id,mo1_0.created_at,mo1_0.date_conversion_public,mo1_0.date_debut,mo1_0.date_fin,mo1_0.nb_joueurs_actuels,mo1_0.prix_par_joueur,mo1_0.prix_total,mo1_0.statut,mo1_0.terrain_id,mo1_0.type_match,mo1_0.updated_at,m1_0.matricule,m1_0.nom,m1_0.password_hash,m1_0.prenom,m1_0.site_id,m1_0.solde,m1_0.type_membre,m1_0.updated_at from membres m1_0 left join matches mo1_0 on m1_0.id=mo1_0.organisateur_id where m1_0.id=?
Hibernate: select r1_0.membre_id,r1_0.id,r1_0.created_at,r1_0.match_id,p1_0.id,p1_0.created_at,p1_0.date_paiement,p1_0.montant,p1_0.reservation_id,p1_0.statut,p1_0.updated_at,r1_0.statut,r1_0.updated_at from reservations r1_0 left join paiements p1_0 on r1_0.id=p1_0.reservation_id where r1_0.membre_id=?
Hibernate: select p1_0.membre_id,p1_0.id,p1_0.created_at,p1_0.date_fin,p1_0.motif,p1_0.updated_at from penalites p1_0 where p1_0.membre_id=?
Hibernate: select r1_0.match_id,r1_0.id,r1_0.created_at,r1_0.membre_id,p1_0.id,p1_0.created_at,p1_0.date_paiement,p1_0.montant,p1_0.reservation_id,p1_0.statut,p1_0.updated_at,r1_0.statut,r1_0.updated_at from reservations r1_0 left join paiements p1_0 on r1_0.id=p1_0.reservation_id where r1_0.match_id=?
Hibernate: update membres set email=?,matricule=?,nom=?,password_hash=?,prenom=?,site_id=?,solde=?,type_membre=?,updated_at=? where id=?
Hibernate: select m1_0.id,m1_0.created_at,m1_0.email,m1_0.matricule,m1_0.nom,m1_0.password_hash,m1_0.prenom,s1_0.id,s1_0.adresse,s1_0.annee_civile,s1_0.created_at,s1_0.duree_entre_match_minutes,s1_0.duree_match_minutes,s1_0.heure_fermeture,s1_0.heure_ouverture,s1_0.nom,s1_0.updated_at,m1_0.solde,m1_0.type_membre,m1_0.updated_at from membres m1_0 left join sites s1_0 on s1_0.id=m1_0.site_id where upper(m1_0.matricule)=upper(?)
Hibernate: select m1_0.id,m1_0.created_at,m1_0.email,mo1_0.organisateur_id,mo1_0.id,mo1_0.created_at,mo1_0.date_conversion_public,mo1_0.date_debut,mo1_0.date_fin,mo1_0.nb_joueurs_actuels,mo1_0.prix_par_joueur,mo1_0.prix_total,mo1_0.statut,mo1_0.terrain_id,mo1_0.type_match,mo1_0.updated_at,m1_0.matricule,m1_0.nom,m1_0.password_hash,m1_0.prenom,m1_0.site_id,m1_0.solde,m1_0.type_membre,m1_0.updated_at from membres m1_0 left join matches mo1_0 on m1_0.id=mo1_0.organisateur_id where m1_0.id=?
Hibernate: select r1_0.membre_id,r1_0.id,r1_0.created_at,r1_0.match_id,p1_0.id,p1_0.created_at,p1_0.date_paiement,p1_0.montant,p1_0.reservation_id,p1_0.statut,p1_0.updated_at,r1_0.statut,r1_0.updated_at from reservations r1_0 left join paiements p1_0 on r1_0.id=p1_0.reservation_id where r1_0.membre_id=?
Hibernate: select p1_0.membre_id,p1_0.id,p1_0.created_at,p1_0.date_fin,p1_0.motif,p1_0.updated_at from penalites p1_0 where p1_0.membre_id=?
Hibernate: update membres set email=?,matricule=?,nom=?,password_hash=?,prenom=?,site_id=?,solde=?,type_membre=?,updated_at=? where id=?
Hibernate: select a1_0.id,a1_0.created_at,a1_0.email,a1_0.matricule,a1_0.nom,a1_0.password_hash,a1_0.prenom,a1_0.site_id,a1_0.type_administrateur,a1_0.updated_at from administrateurs a1_0 where a1_0.email=?
Hibernate: select a1_0.id,a1_0.created_at,a1_0.email,a1_0.matricule,a1_0.nom,a1_0.password_hash,a1_0.prenom,a1_0.site_id,a1_0.type_administrateur,a1_0.updated_at from administrateurs a1_0 where a1_0.id=?
Hibernate: update administrateurs set email=?,matricule=?,nom=?,password_hash=?,prenom=?,site_id=?,type_administrateur=?,updated_at=? where id=?
Hibernate: select a1_0.id,a1_0.created_at,a1_0.email,a1_0.matricule,a1_0.nom,a1_0.password_hash,a1_0.prenom,a1_0.site_id,a1_0.type_administrateur,a1_0.updated_at from administrateurs a1_0 where a1_0.email=?
Hibernate: select a1_0.id,a1_0.created_at,a1_0.email,a1_0.matricule,a1_0.nom,a1_0.password_hash,a1_0.prenom,a1_0.site_id,a1_0.type_administrateur,a1_0.updated_at from administrateurs a1_0 where a1_0.id=?
Hibernate: update administrateurs set email=?,matricule=?,nom=?,password_hash=?,prenom=?,site_id=?,type_administrateur=?,updated_at=? where id=?
Hibernate: select a1_0.id,a1_0.created_at,a1_0.email,a1_0.matricule,a1_0.nom,a1_0.password_hash,a1_0.prenom,a1_0.site_id,a1_0.type_administrateur,a1_0.updated_at from administrateurs a1_0 where a1_0.email=?
Hibernate: select a1_0.id,a1_0.created_at,a1_0.email,a1_0.matricule,a1_0.nom,a1_0.password_hash,a1_0.prenom,a1_0.site_id,a1_0.type_administrateur,a1_0.updated_at from administrateurs a1_0 where a1_0.id=?
Hibernate: update administrateurs set email=?,matricule=?,nom=?,password_hash=?,prenom=?,site_id=?,type_administrateur=?,updated_at=? where id=?
2026-08-26T18:44:38.475+02:00  INFO 19412 --- [  restartedMain] com.padell.padell.DataInitializer        : DataInitializer : base de donnees deja initialisee, initialisation ignoree...
2026-08-26T18:44:50.992+02:00  INFO 19412 --- [nio-8083-exec-1] o.a.c.c.C.[Tomcat].[localhost].[/]       : Initializing Spring DispatcherServlet 'dispatcherServlet'
2026-08-26T18:44:50.993+02:00  INFO 19412 --- [nio-8083-exec-1] o.s.web.servlet.DispatcherServlet        : Initializing Servlet 'dispatcherServlet'
2026-08-26T18:44:50.998+02:00  INFO 19412 --- [nio-8083-exec-1] o.s.web.servlet.DispatcherServlet        : Completed initialization in 4 ms
